00:55:12 **** Incremental Build of configuration Debug for project gpio_test ****
make all 
'Building file: ../src/helloworld.c'
'Invoking: MicroBlaze gcc compiler'
mb-gcc -Wall -O0 -g3 -c -fmessage-length=0 -MT"src/helloworld.o" -ID:/Bruh_ELE_ELECTRONIC_ENGINEERING-B_LAB/Lab06-Project/vitis_ws/jumping_block_controller/export/jumping_block_controller/sw/jumping_block_controller/standalone_microblaze_0/bspinclude/include -mlittle-endian -mxl-barrel-shift -mxl-pattern-compare -mno-xl-soft-div -mcpu=v11.0 -mno-xl-soft-mul -mxl-multiply-high -mhard-float -mxl-float-convert -mxl-float-sqrt -Wl,--no-relax -ffunction-sections -fdata-sections -MMD -MP -MF"src/helloworld.d" -MT"src/helloworld.o" -o "src/helloworld.o" "../src/helloworld.c"
'Finished building: ../src/helloworld.c'
' '
'Building target: gpio_test.elf'
'Invoking: MicroBlaze gcc linker'
mb-gcc -Wl,-T -Wl,../src/lscript.ld -LD:/Bruh_ELE_ELECTRONIC_ENGINEERING-B_LAB/Lab06-Project/vitis_ws/jumping_block_controller/export/jumping_block_controller/sw/jumping_block_controller/standalone_microblaze_0/bsplib/lib -mlittle-endian -mxl-barrel-shift -mxl-pattern-compare -mno-xl-soft-div -mcpu=v11.0 -mno-xl-soft-mul -mxl-multiply-high -mhard-float -mxl-float-convert -mxl-float-sqrt -Wl,--no-relax -Wl,--gc-sections -o "gpio_test.elf"  ./src/helloworld.o ./src/platform.o   -Wl,--start-group,-lxil,-lgcc,-lc,--end-group
'Finished building target: gpio_test.elf'
' '
'Invoking: MicroBlaze Print Size'
mb-size gpio_test.elf  |tee "gpio_test.elf.size"
   text	   data	    bss	    dec	    hex	filename
   8140	    412	  32816	  41368	   a198	gpio_test.elf
'Finished building: gpio_test.elf.size'
' '

00:55:12 Build Finished (took 356ms)

