16:22:47 **** Build of configuration Debug for project hellp ****
make all 
'Building file: ../src/helloworld.c'
'Invoking: MicroBlaze gcc compiler'
mb-gcc -Wall -O0 -g3 -c -fmessage-length=0 -MT"src/helloworld.o" -ID:/Bruh_ELE_ELECTRONIC_ENGINEERING-B_LAB/Lab06-Project/vitis_ws/jumping_block_cache_50mhz/export/jumping_block_cache_50mhz/sw/jumping_block_cache_50mhz/standalone_microblaze_0/bspinclude/include -mlittle-endian -mxl-barrel-shift -mxl-pattern-compare -mno-xl-soft-div -mcpu=v11.0 -mno-xl-soft-mul -mxl-multiply-high -mhard-float -Wl,--no-relax -ffunction-sections -fdata-sections -MMD -MP -MF"src/helloworld.d" -MT"src/helloworld.o" -o "src/helloworld.o" "../src/helloworld.c"
'Finished building: ../src/helloworld.c'
' '
'Building file: ../src/platform.c'
'Invoking: MicroBlaze gcc compiler'
mb-gcc -Wall -O0 -g3 -c -fmessage-length=0 -MT"src/platform.o" -ID:/Bruh_ELE_ELECTRONIC_ENGINEERING-B_LAB/Lab06-Project/vitis_ws/jumping_block_cache_50mhz/export/jumping_block_cache_50mhz/sw/jumping_block_cache_50mhz/standalone_microblaze_0/bspinclude/include -mlittle-endian -mxl-barrel-shift -mxl-pattern-compare -mno-xl-soft-div -mcpu=v11.0 -mno-xl-soft-mul -mxl-multiply-high -mhard-float -Wl,--no-relax -ffunction-sections -fdata-sections -MMD -MP -MF"src/platform.d" -MT"src/platform.o" -o "src/platform.o" "../src/platform.c"
'Finished building: ../src/platform.c'
' '
'Building target: hellp.elf'
'Invoking: MicroBlaze gcc linker'
mb-gcc -Wl,-T -Wl,../src/lscript.ld -LD:/Bruh_ELE_ELECTRONIC_ENGINEERING-B_LAB/Lab06-Project/vitis_ws/jumping_block_cache_50mhz/export/jumping_block_cache_50mhz/sw/jumping_block_cache_50mhz/standalone_microblaze_0/bsplib/lib -mlittle-endian -mxl-barrel-shift -mxl-pattern-compare -mno-xl-soft-div -mcpu=v11.0 -mno-xl-soft-mul -mxl-multiply-high -mhard-float -Wl,--no-relax -Wl,--gc-sections -o "hellp.elf"  ./src/helloworld.o ./src/platform.o   -Wl,--start-group,-lxil,-lgcc,-lc,--end-group
'Finished building target: hellp.elf'
' '
'Invoking: MicroBlaze Print Size'
mb-size hellp.elf  |tee "hellp.elf.size"
   text	   data	    bss	    dec	    hex	filename
   3908	    404	   3112	   7424	   1d00	hellp.elf
'Finished building: hellp.elf.size'
' '

16:22:48 Build Finished (took 475ms)

